// Jest Snapshot v1, https://goo.gl/fbAQLP

exports[`matches snapShot 1`] = `
<div
  className="rating"
  data-testid="rating"
>
  <div
    className="ratingHead"
    data-testid="head"
  >
    3.8
    <div
      className="ratingHead"
      data-testid="stars"
    >
      <div>
        <button
          className="starButton"
          data-testid="button0"
          id={1}
          onClick={[Function]}
          type="button"
        >
          .
        </button>
        <div
          className="ratingStar"
        >
          <div
            className="ratingStar fullStar"
          />
        </div>
      </div>
      <div>
        <button
          className="starButton"
          data-testid="button1"
          id={2}
          onClick={[Function]}
          type="button"
        >
          .
        </button>
        <div
          className="ratingStar"
        >
          <div
            className="ratingStar fullStar"
          />
        </div>
      </div>
      <div>
        <button
          className="starButton"
          data-testid="button2"
          id={3}
          onClick={[Function]}
          type="button"
        >
          .
        </button>
        <div
          className="ratingStar"
        >
          <div
            className="ratingStar fullStar"
          />
        </div>
      </div>
      <div>
        <button
          className="starButton"
          data-testid="button3"
          id={4}
          onClick={[Function]}
          type="button"
        >
          .
        </button>
        <div
          className="ratingStar"
        >
          <div
            className="ratingStar qThreeStar"
          />
        </div>
      </div>
      <div>
        <button
          className="starButton"
          data-testid="button4"
          id={5}
          onClick={[Function]}
          type="button"
        >
          .
        </button>
        <div
          className="ratingStar"
        >
          <div
            className="ratingStar emptyStar"
          />
        </div>
      </div>
    </div>
  </div>
  <h5
    data-testid="text"
  >
    75% of reviews recommend this product
  </h5>
  <div
    data-testid="starListR"
  >
    <div
      className="starListContainer"
      data-testid="starList"
    >
      <div>
        <div
          className="starListBase"
        >
          <button
            className="starListText"
            onClick={[Function]}
            type="button"
          >
            5 Stars
          </button>
          <div
            className="starRatingBarBase"
            data-testid="starRatingBar"
          >
            <div
              style={
                Object {
                  "backgroundColor": "green",
                  "border": "5px solid green",
                  "width": "50%",
                }
              }
            />
          </div>
        </div>
      </div>
      <div>
        <div
          className="starListBase"
        >
          <button
            className="starListText"
            onClick={[Function]}
            type="button"
          >
            4 Stars
          </button>
          <div
            className="starRatingBarBase"
            data-testid="starRatingBar"
          >
            <div
              style={
                Object {
                  "backgroundColor": "green",
                  "border": "5px solid green",
                  "width": "25%",
                }
              }
            />
          </div>
        </div>
      </div>
      <div>
        <div
          className="starListBase"
        >
          <button
            className="starListText"
            onClick={[Function]}
            type="button"
          >
            3 Stars
          </button>
          <div
            className="starRatingBarBase"
            data-testid="starRatingBar"
          >
            <div
              style={
                Object {
                  "display": "none",
                }
              }
            />
          </div>
        </div>
      </div>
      <div>
        <div
          className="starListBase"
        >
          <button
            className="starListText"
            onClick={[Function]}
            type="button"
          >
            2 Stars
          </button>
          <div
            className="starRatingBarBase"
            data-testid="starRatingBar"
          >
            <div
              style={
                Object {
                  "display": "none",
                }
              }
            />
          </div>
        </div>
      </div>
      <div>
        <div
          className="starListBase"
        >
          <button
            className="starListText"
            onClick={[Function]}
            type="button"
          >
            1 Stars
          </button>
          <div
            className="starRatingBarBase"
            data-testid="starRatingBar"
          >
            <div
              style={
                Object {
                  "backgroundColor": "green",
                  "border": "5px solid green",
                  "width": "25%",
                }
              }
            />
          </div>
        </div>
      </div>
    </div>
  </div>
  <div
    data-testid="characteristics"
  >
    <div
      className="charaContainer"
      data-testid="chara"
    >
      Comfort
      <div
        className="charaBar"
      >
        <div>
          <div
            className="charaSmallBar"
          />
          <div
            className="charaText"
          >
            Uncomfortable
          </div>
        </div>
        <div>
          <div
            className="charaSmallBar"
          />
          <div
            className="charaText"
          >
            Slightly uncomfortable
          </div>
        </div>
        <div>
          <div
            className="charaSmallBar"
          />
          <div
            className="charaText"
          >
            Ok
          </div>
        </div>
        <div>
          <div
            className="charaSmallBar"
          />
          <div
            className="charaText"
          >
            Comfortable
          </div>
        </div>
        <div>
          <div
            className="charaSmallBar"
          />
          <div
            className="charaText"
          >
            Perfect
          </div>
        </div>
        <div
          style={
            Object {
              "left": "55%",
              "position": "absolute",
              "top": "0px",
            }
          }
        >
          <div
            className="charaBarPoint"
          />
        </div>
      </div>
    </div>
  </div>
  <div
    data-testid="characteristics"
  >
    <div
      className="charaContainer"
      data-testid="chara"
    >
      Quality
      <div
        className="charaBar"
      >
        <div>
          <div
            className="charaSmallBar"
          />
          <div
            className="charaText"
          >
            Poor
          </div>
        </div>
        <div>
          <div
            className="charaSmallBar"
          />
          <div
            className="charaText"
          >
            Below average
          </div>
        </div>
        <div>
          <div
            className="charaSmallBar"
          />
          <div
            className="charaText"
          >
            What I expected
          </div>
        </div>
        <div>
          <div
            className="charaSmallBar"
          />
          <div
            className="charaText"
          >
            Pretty great
          </div>
        </div>
        <div>
          <div
            className="charaSmallBar"
          />
          <div
            className="charaText"
          >
            Perfect
          </div>
        </div>
        <div
          style={
            Object {
              "left": "40%",
              "position": "absolute",
              "top": "0px",
            }
          }
        >
          <div
            className="charaBarPoint"
          />
        </div>
      </div>
    </div>
  </div>
  <div
    data-testid="characteristics"
  >
    <div
      className="charaContainer"
      data-testid="chara"
    >
      Size
      <div
        className="charaBar"
      >
        <div>
          <div
            className="charaSmallBar"
          />
          <div
            className="charaText"
          >
            A size too small
          </div>
        </div>
        <div>
          <div
            className="charaSmallBar"
          />
          <div
            className="charaText"
          >
            ½ a size too small
          </div>
        </div>
        <div>
          <div
            className="charaSmallBar"
          />
          <div
            className="charaText"
          >
            Perfect
          </div>
        </div>
        <div>
          <div
            className="charaSmallBar"
          />
          <div
            className="charaText"
          >
            ½ a size too big
          </div>
        </div>
        <div>
          <div
            className="charaSmallBar"
          />
          <div
            className="charaText"
          >
            A size too wide
          </div>
        </div>
        <div
          style={
            Object {
              "left": "45%",
              "position": "absolute",
              "top": "0px",
            }
          }
        >
          <div
            className="charaBarPoint"
          />
        </div>
      </div>
    </div>
  </div>
  <div
    data-testid="characteristics"
  >
    <div
      className="charaContainer"
      data-testid="chara"
    >
      Width
      <div
        className="charaBar"
      >
        <div>
          <div
            className="charaSmallBar"
          />
          <div
            className="charaText"
          >
            Too narrow
          </div>
        </div>
        <div>
          <div
            className="charaSmallBar"
          />
          <div
            className="charaText"
          >
            Slightly narrow
          </div>
        </div>
        <div>
          <div
            className="charaSmallBar"
          />
          <div
            className="charaText"
          >
            Perfect
          </div>
        </div>
        <div>
          <div
            className="charaSmallBar"
          />
          <div
            className="charaText"
          >
            Slightly wide
          </div>
        </div>
        <div>
          <div
            className="charaSmallBar"
          />
          <div
            className="charaText"
          >
            Too wide
          </div>
        </div>
        <div
          style={
            Object {
              "left": "65%",
              "position": "absolute",
              "top": "0px",
            }
          }
        >
          <div
            className="charaBarPoint"
          />
        </div>
      </div>
    </div>
  </div>
</div>
`;
